Microchip MPLAB XC8 Compiler V2.41

Linker command line:

-W-3 \
  --edf=C:\Program Files\Microchip\xc8\v2.41\pic\dat\20230208172133_en.msgs \
  -cn -h+dist/default/production\bt_matrix.X.production.sym \
  --cmf=dist/default/production\bt_matrix.X.production.cmf -z -Q18F57Q43 \
  -oC:\Users\ADMINI~1\AppData\Local\Temp\xcAspdo.\driver_tmp_3.o \
  --defsym=__MPLAB_BUILD=1 --fixupoverflow=error \
  -Mdist/default/production/bt_matrix.X.production.map \
  --md=C:\Users\ADMINI~1\AppData\Local\Temp\xcAspdo.\driver_tmp_0.dat -E1 \
  -ver=XC8 Compiler --acfsm=1493 -ACODE=00h-01FFFFh -ACONST=00h-01FFFFh \
  -ASMALLCONST=02600h-026FFhx474 \
  -AMEDIUMCONST=02600h-0FFFFh,012600h-01FFFFh -ACOMRAM=0501h-055Fh \
  -AABS1=0500h-024FFh -ABIGRAM=0501h-024FFh \
  -ARAM=0560h-05FFh,0600h-06FFhx31 -ABANK5=0560h-05FFh -ABANK6=0600h-06FFh \
  -ABANK7=0700h-07FFh -ABANK8=0800h-08FFh -ABANK9=0900h-09FFh \
  -ABANK10=0A00h-0AFFh -ABANK11=0B00h-0BFFh -ABANK12=0C00h-0CFFh \
  -ABANK13=0D00h-0DFFh -ABANK14=0E00h-0EFFh -ABANK15=0F00h-0FFFh \
  -ABANK16=01000h-010FFh -ABANK17=01100h-011FFh -ABANK18=01200h-012FFh \
  -ABANK19=01300h-013FFh -ABANK20=01400h-014FFh -ABANK21=01500h-015FFh \
  -ABANK22=01600h-016FFh -ABANK23=01700h-017FFh -ABANK24=01800h-018FFh \
  -ABANK25=01900h-019FFh -ABANK26=01A00h-01AFFh -ABANK27=01B00h-01BFFh \
  -ABANK28=01C00h-01CFFh -ABANK29=01D00h-01DFFh -ABANK30=01E00h-01EFFh \
  -ABANK31=01F00h-01FFFh -ABANK32=02000h-020FFh -ABANK33=02100h-021FFh \
  -ABANK34=02200h-022FFh -ABANK35=02300h-023FFh -ABANK36=02400h-024FFh \
  -ASFR=00h-0FFhx4,0400h-045Fh,0460h-04FFh,02500h-025FFh \
  -ABIGSFR=00h-04FFh,02500h-025FFh -ACONFIG=0300000h-0300011h \
  -AIDLOC=0200000h-020003Fh -AEEDATA=0380000h-03803FFh -peeprom_data=EEDATA \
  -preset_vec=00h -ppowerup=CODE,init -pramtop=02600h \
  -psmallconst=SMALLCONST -pmediumconst=MEDIUMCONST -pconst=CONST \
  -AFARRAM=00h-00h \
  -prdata=COMRAM,nvrram=COMRAM,nvbit=COMRAM,rbss=COMRAM,rbit=COMRAM \
  -pfarbss=FARRAM,fardata=FARRAM,nvFARRAM=FARRAM \
  -pintsave_regs=BIGRAM,bigbss=BIGRAM,bigdata=BIGRAM -pbss=RAM \
  -pidata=CODE,irdata=CODE,ibigdata=CODE,ifardata=CODE -prparam=COMRAM \
  C:\Users\ADMINI~1\AppData\Local\Temp\xcAspdo.\driver_tmp_9.o \
  dist/default/production\bt_matrix.X.production.o 

Object code version is 3.11

Machine type is 18F57Q43



                Name                               Link     Load   Length Selector   Space Scale
C:\Users\ADMINI~1\AppData\Local\Temp\xcAspdo.\driver_tmp_9.o
                idloc                            200000   200000       40        0       5
                config                           300000   300000        A        0       4
                init                              1FFFC    1FFFC        4     FFFE       0
                reset_vec                             0        0        4        0       0
dist/default/production\bt_matrix.X.production.o
                idloc                            200000   200000       40        0       5
                config                           300000   300000        A        0       4
                smallconst                         2600     2600       22     1300       0
                text15                             2C22     2C22        8     1311       0
                text14                             29E0     29E0       74     1311       0
                text13                             2C0C     2C0C        C     1311       0
                text12                             2B8A     2B8A       2A     1311       0
                text11                             2C00     2C00        C     1311       0
                text10                             2AB2     2AB2       58     1311       0
                text9                              2750     2750       C4     1311       0
                text8                              2814     2814       B0     1311       0
                text7                              2952     2952       8E     1311       0
                text6                              2B0A     2B0A       44     1311       0
                text5                              2B4E     2B4E       3C     1311       0
                text4                              2BDA     2BDA       16     1311       0
                text3                              2C18     2C18        A     1311       0
                text2                              2A54     2A54       5E     1311       0
                text1                              2622     2622      12E     1311       0
                text0                              28C4     28C4       8E     1311       0
                cstackCOMRAM                        501      501       17      501       1
                dataCOMRAM                          518      518       10      501       1
                cinit                              2BB4     2BB4       26     1311       0
                idataCOMRAM                        2BF0     2BF0       10     1311       0

TOTAL           Name                               Link     Load   Length     Space
        CLASS   CODE           
                init                              1FFFC    1FFFC        4         0
                reset_vec                             0        0        4         0
                text15                             2C22     2C22        8         0
                text14                             29E0     29E0       74         0
                text13                             2C0C     2C0C        C         0
                text12                             2B8A     2B8A       2A         0
                text11                             2C00     2C00        C         0
                text10                             2AB2     2AB2       58         0
                text9                              2750     2750       C4         0
                text8                              2814     2814       B0         0
                text7                              2952     2952       8E         0
                text6                              2B0A     2B0A       44         0
                text5                              2B4E     2B4E       3C         0
                text4                              2BDA     2BDA       16         0
                text3                              2C18     2C18        A         0
                text2                              2A54     2A54       5E         0
                text1                              2622     2622      12E         0
                text0                              28C4     28C4       8E         0
                cinit                              2BB4     2BB4       26         0
                idataCOMRAM                        2BF0     2BF0       10         0

        CLASS   CONST          

        CLASS   SMALLCONST     
                smallconst                         2600     2600       22         0

        CLASS   MEDIUMCONST    

        CLASS   COMRAM         
                cstackCOMRAM                        501      501       17         1
                dataCOMRAM                          518      518       10         1

        CLASS   ABS1           

        CLASS   BIGRAM         

        CLASS   RAM            

        CLASS   BANK5          

        CLASS   BANK6          

        CLASS   BANK7          

        CLASS   BANK8          

        CLASS   BANK9          

        CLASS   BANK10         

        CLASS   BANK11         

        CLASS   BANK12         

        CLASS   BANK13         

        CLASS   BANK14         

        CLASS   BANK15         

        CLASS   BANK16         

        CLASS   BANK17         

        CLASS   BANK18         

        CLASS   BANK19         

        CLASS   BANK20         

        CLASS   BANK21         

        CLASS   BANK22         

        CLASS   BANK23         

        CLASS   BANK24         

        CLASS   BANK25         

        CLASS   BANK26         

        CLASS   BANK27         

        CLASS   BANK28         

        CLASS   BANK29         

        CLASS   BANK30         

        CLASS   BANK31         

        CLASS   BANK32         

        CLASS   BANK33         

        CLASS   BANK34         

        CLASS   BANK35         

        CLASS   BANK36         

        CLASS   SFR            

        CLASS   BIGSFR         

        CLASS   CONFIG         
                config                           300000   300000        A         4

        CLASS   IDLOC          
                idloc                            200000   200000       40         5

        CLASS   EEDATA         

        CLASS   FARRAM         

        CLASS   HEAP           

        CLASS   STACK          



SEGMENTS        Name                           Load    Length   Top    Selector   Space  Class

                reset_vec                      000000  000004  000004         0       0  CODE    
                cstackCOMRAM                   000501  000027  000528       501       1  COMRAM  
                smallconst                     002600  000022  002622      1300       0  SMALLCON
                text1                          002622  000608  002C2A      1311       0  CODE    
                init                           01FFFC  000004  020000      FFFE       0  CODE    


UNUSED ADDRESS RANGES

        Name                Unused          Largest block    Delta
        BANK10           000A00-000AFF              100
        BANK11           000B00-000BFF              100
        BANK12           000C00-000CFF              100
        BANK13           000D00-000DFF              100
        BANK14           000E00-000EFF              100
        BANK15           000F00-000FFF              100
        BANK16           001000-0010FF              100
        BANK17           001100-0011FF              100
        BANK18           001200-0012FF              100
        BANK19           001300-0013FF              100
        BANK20           001400-0014FF              100
        BANK21           001500-0015FF              100
        BANK22           001600-0016FF              100
        BANK23           001700-0017FF              100
        BANK24           001800-0018FF              100
        BANK25           001900-0019FF              100
        BANK26           001A00-001AFF              100
        BANK27           001B00-001BFF              100
        BANK28           001C00-001CFF              100
        BANK29           001D00-001DFF              100
        BANK30           001E00-001EFF              100
        BANK31           001F00-001FFF              100
        BANK32           002000-0020FF              100
        BANK33           002100-0021FF              100
        BANK34           002200-0022FF              100
        BANK35           002300-0023FF              100
        BANK36           002400-0024FF              100
        BANK5            000560-0005FF               A0
        BANK6            000600-0006FF              100
        BANK7            000700-0007FF              100
        BANK8            000800-0008FF              100
        BANK9            000900-0009FF              100
        BIGRAM           000528-0024FF             1FD8
        BIGSFR           000000-0004FF              500
                         002500-0025FF              100
        CODE             000004-0025FF             25FC
                         002C2A-01FFFB            1D3D2
        COMRAM           000528-00055F               38
        CONFIG           30000A-300011                8
        CONST            000004-0025FF             25FC
                         002C2A-01FFFB            1D3D2
        EEDATA           380000-3803FF              400
        MEDIUMCONST      002C2A-00FFFF             D3D6
                         012600-01FFFB             D9FC
        RAM              000560-0024FF              100
        SFR              000000-0004FF              100
                         002500-0025FF              100
        SMALLCONST       002C2A-01FFFB              100

                                  Symbol Table

?___awdiv                                cstackCOMRAM 000507
?___awmod                                cstackCOMRAM 000501
FM_Hfintosc_Init@clock_params            cstackCOMRAM 000501
FM_Lcd_Send_Character@character_to_send  cstackCOMRAM 000505
FM_Lcd_Send_Command@command_to_send      cstackCOMRAM 000505
FM_Lcd_Send_Nibble@byte_to_send          cstackCOMRAM 000502
FM_Lcd_Send_Nibble@lower_bits            cstackCOMRAM 000504
FM_Lcd_Send_Nibble@upper_bits            cstackCOMRAM 000503
FM_Lcd_Send_String@cadena                cstackCOMRAM 000506
FM_Lcd_Send_String@index                 cstackCOMRAM 00050A
FM_Lcd_Send_Uint8@centenas               cstackCOMRAM 000511
FM_Lcd_Send_Uint8@decenas                cstackCOMRAM 000512
FM_Lcd_Send_Uint8@numero                 cstackCOMRAM 000514
FM_Lcd_Send_Uint8@unidades               cstackCOMRAM 000513
FM_Lcd_Set_Cursor@base_pos               cstackCOMRAM 000508
FM_Lcd_Set_Cursor@columna                cstackCOMRAM 000506
FM_Lcd_Set_Cursor@filas                  cstackCOMRAM 000507
Internal_Clock_Init@my_clock_params      cstackCOMRAM 000504
User_Matrix_Buttons_Read@push_button     cstackCOMRAM 000503
User_Matrix_Buttons_Read@read_cols       cstackCOMRAM 000502
User_Matrix_Buttons_Read@read_rows       cstackCOMRAM 000501
User_Matrix_Decode_Raw_Readed@hexa_value cstackCOMRAM 000504
User_Matrix_Decode_Raw_Readed@raw_value  cstackCOMRAM 000503
_ANSELD                                  (abs)        000418
_FM_Hfintosc_Init                        text5        002B4E
_FM_Lcd_Easy_Gpio_Init                   text15       002C22
_FM_Lcd_Easy_Init                        text12       002B8A
_FM_Lcd_Send_Character                   text11       002C00
_FM_Lcd_Send_Command                     text13       002C0C
_FM_Lcd_Send_Nibble                      text14       0029E0
_FM_Lcd_Send_String                      text10       002AB2
_FM_Lcd_Send_Uint8                       text7        002952
_FM_Lcd_Send_Uint8$894                   cstackCOMRAM 00050F
_FM_Lcd_Set_Cursor                       text6        002B0A
_Internal_Clock_Init                     text4        002BDA
_LATD                                    (abs)        0004C1
_LATF                                    (abs)        0004C3
_OSCCON1bits                             (abs)        0000AD
_OSCFRQbits                              (abs)        0000B1
_PORTD                                   (abs)        0004D1
_TRISD                                   (abs)        0004C9
_TRISF                                   (abs)        0004CB
_User_Matrix_Buttons_Init                text3        002C18
_User_Matrix_Buttons_Read                text2        002A54
_User_Matrix_Decode_Raw_Readed           text1        002622
_WPUD                                    (abs)        000419
__HRAM                                   (abs)        000000
__H__absolute__                          __absolute__ 000000
__Habs1                                  abs1         000000
__Hbank10                                bank10       000000
__Hbank11                                bank11       000000
__Hbank12                                bank12       000000
__Hbank13                                bank13       000000
__Hbank14                                bank14       000000
__Hbank15                                bank15       000000
__Hbank16                                bank16       000000
__Hbank17                                bank17       000000
__Hbank18                                bank18       000000
__Hbank19                                bank19       000000
__Hbank20                                bank20       000000
__Hbank21                                bank21       000000
__Hbank22                                bank22       000000
__Hbank23                                bank23       000000
__Hbank24                                bank24       000000
__Hbank25                                bank25       000000
__Hbank26                                bank26       000000
__Hbank27                                bank27       000000
__Hbank28                                bank28       000000
__Hbank29                                bank29       000000
__Hbank30                                bank30       000000
__Hbank31                                bank31       000000
__Hbank32                                bank32       000000
__Hbank33                                bank33       000000
__Hbank34                                bank34       000000
__Hbank35                                bank35       000000
__Hbank36                                bank36       000000
__Hbank5                                 bank5        000000
__Hbank6                                 bank6        000000
__Hbank7                                 bank7        000000
__Hbank8                                 bank8        000000
__Hbank9                                 bank9        000000
__Hbigbss                                bigbss       000000
__Hbigdata                               bigdata      000000
__Hbigram                                bigram       000000
__Hbigsfr                                bigsfr       000000
__Hbss                                   bss          000000
__Hcinit                                 cinit        000000
__Hclrtext                               clrtext      000000
__Hcomram                                comram       000000
__Hconfig                                config       30000A
__Hconst                                 const        000000
__HcstackCOMRAM                          cstackCOMRAM 000000
__Hdata                                  data         000000
__HdataCOMRAM                            dataCOMRAM   000000
__Heeprom_data                           eeprom_data  000000
__Hfarbss                                farbss       000000
__Hfardata                               fardata      000000
__Hheap                                  heap         000000
__Hibigdata                              ibigdata     000000
__Hidata                                 idata        000000
__HidataCOMRAM                           idataCOMRAM  000000
__Hidloc                                 idloc        200040
__Hifardata                              ifardata     000000
__Hinit                                  init         020000
__Hintsave_regs                          intsave_regs 000000
__Hirdata                                irdata       000000
__Hmediumconst                           mediumconst  000000
__HnvFARRAM                              nvFARRAM     000000
__Hnvbit                                 nvbit        000000
__Hnvrram                                nvrram       000000
__Hparam                                 rparam       000000
__Hpowerup                               powerup      000000
__Hram                                   ram          000000
__Hramtop                                ramtop       002600
__Hrbit                                  rbit         000000
__Hrbss                                  rbss         000000
__Hrdata                                 rdata        000000
__Hreset_vec                             reset_vec    000004
__Hrparam                                rparam       000000
__Hsfr                                   sfr          000000
__Hsmallconst                            smallconst   002622
__Hspace_0                               (abs)        020000
__Hspace_1                               (abs)        000528
__Hspace_2                               (abs)        000000
__Hspace_4                               (abs)        60000A
__Hstack                                 stack        000000
__Hstruct                                struct       000000
__Htemp                                  temp         000000
__Htext                                  text         000000
__Htext0                                 text0        000000
__Htext1                                 text1        000000
__Htext10                                text10       000000
__Htext11                                text11       000000
__Htext12                                text12       000000
__Htext13                                text13       000000
__Htext14                                text14       000000
__Htext15                                text15       000000
__Htext2                                 text2        000000
__Htext3                                 text3        000000
__Htext4                                 text4        000000
__Htext5                                 text5        000000
__Htext6                                 text6        000000
__Htext7                                 text7        000000
__Htext8                                 text8        000000
__Htext9                                 text9        000000
__LRAM                                   (abs)        000001
__L__absolute__                          __absolute__ 000000
__Labs1                                  abs1         000000
__Lbank10                                bank10       000000
__Lbank11                                bank11       000000
__Lbank12                                bank12       000000
__Lbank13                                bank13       000000
__Lbank14                                bank14       000000
__Lbank15                                bank15       000000
__Lbank16                                bank16       000000
__Lbank17                                bank17       000000
__Lbank18                                bank18       000000
__Lbank19                                bank19       000000
__Lbank20                                bank20       000000
__Lbank21                                bank21       000000
__Lbank22                                bank22       000000
__Lbank23                                bank23       000000
__Lbank24                                bank24       000000
__Lbank25                                bank25       000000
__Lbank26                                bank26       000000
__Lbank27                                bank27       000000
__Lbank28                                bank28       000000
__Lbank29                                bank29       000000
__Lbank30                                bank30       000000
__Lbank31                                bank31       000000
__Lbank32                                bank32       000000
__Lbank33                                bank33       000000
__Lbank34                                bank34       000000
__Lbank35                                bank35       000000
__Lbank36                                bank36       000000
__Lbank5                                 bank5        000000
__Lbank6                                 bank6        000000
__Lbank7                                 bank7        000000
__Lbank8                                 bank8        000000
__Lbank9                                 bank9        000000
__Lbigbss                                bigbss       000000
__Lbigdata                               bigdata      000000
__Lbigram                                bigram       000000
__Lbigsfr                                bigsfr       000000
__Lbss                                   bss          000000
__Lcinit                                 cinit        000000
__Lclrtext                               clrtext      000000
__Lcomram                                comram       000000
__Lconfig                                config       000000
__Lconst                                 const        000000
__LcstackCOMRAM                          cstackCOMRAM 000000
__Ldata                                  data         000000
__LdataCOMRAM                            dataCOMRAM   000000
__Leeprom_data                           eeprom_data  000000
__Lfarbss                                farbss       000000
__Lfardata                               fardata      000000
__Lheap                                  heap         000000
__Libigdata                              ibigdata     000000
__Lidata                                 idata        000000
__LidataCOMRAM                           idataCOMRAM  000000
__Lidloc                                 idloc        000000
__Lifardata                              ifardata     000000
__Linit                                  init         01FFFC
__Lintsave_regs                          intsave_regs 000000
__Lirdata                                irdata       000000
__Lmediumconst                           mediumconst  000000
__LnvFARRAM                              nvFARRAM     000000
__Lnvbit                                 nvbit        000000
__Lnvrram                                nvrram       000000
__Lparam                                 rparam       000000
__Lpowerup                               powerup      000000
__Lram                                   ram          000000
__Lramtop                                ramtop       002600
__Lrbit                                  rbit         000000
__Lrbss                                  rbss         000000
__Lrdata                                 rdata        000000
__Lreset_vec                             reset_vec    000000
__Lrparam                                rparam       000000
__Lsfr                                   sfr          000000
__Lsmallconst                            smallconst   002600
__Lspace_0                               (abs)        000000
__Lspace_1                               (abs)        000000
__Lspace_2                               (abs)        000000
__Lspace_4                               (abs)        000000
__Lstack                                 stack        000000
__Lstruct                                struct       000000
__Ltemp                                  temp         000000
__Ltext                                  text         000000
__Ltext0                                 text0        000000
__Ltext1                                 text1        000000
__Ltext10                                text10       000000
__Ltext11                                text11       000000
__Ltext12                                text12       000000
__Ltext13                                text13       000000
__Ltext14                                text14       000000
__Ltext15                                text15       000000
__Ltext2                                 text2        000000
__Ltext3                                 text3        000000
__Ltext4                                 text4        000000
__Ltext5                                 text5        000000
__Ltext6                                 text6        000000
__Ltext7                                 text7        000000
__Ltext8                                 text8        000000
__Ltext9                                 text9        000000
__S0                                     (abs)        020000
__S1                                     (abs)        000528
__S4                                     (abs)        000000
__S5                                     (abs)        000000
___awdiv                                 text9        002750
___awdiv@counter                         cstackCOMRAM 00050B
___awdiv@dividend                        cstackCOMRAM 000507
___awdiv@divisor                         cstackCOMRAM 000509
___awdiv@quotient                        cstackCOMRAM 00050D
___awdiv@sign                            cstackCOMRAM 00050C
___awmod                                 text8        002814
___awmod@counter                         cstackCOMRAM 000505
___awmod@dividend                        cstackCOMRAM 000501
___awmod@divisor                         cstackCOMRAM 000503
___awmod@sign                            cstackCOMRAM 000506
___heap_hi                               (abs)        000000
___heap_lo                               (abs)        000000
___inthi_sp                              stack        000000
___intlo_sp                              stack        000000
___param_bank                            (abs)        000000
___rparam_used                           (abs)        000001
___sp                                    stack        000000
__accesstop                              (abs)        000560
__activetblptr                           (abs)        000003
__end_of_FM_Hfintosc_Init                text5        002B8A
__end_of_FM_Lcd_Easy_Gpio_Init           text15       002C2A
__end_of_FM_Lcd_Easy_Init                text12       002BB4
__end_of_FM_Lcd_Send_Character           text11       002C0C
__end_of_FM_Lcd_Send_Command             text13       002C18
__end_of_FM_Lcd_Send_Nibble              text14       002A54
__end_of_FM_Lcd_Send_String              text10       002B0A
__end_of_FM_Lcd_Send_Uint8               text7        0029E0
__end_of_FM_Lcd_Set_Cursor               text6        002B4E
__end_of_Internal_Clock_Init             text4        002BF0
__end_of_User_Matrix_Buttons_Init        text3        002C22
__end_of_User_Matrix_Buttons_Read        text2        002AB2
__end_of_User_Matrix_Decode_Raw_Readed   text1        002750
__end_of___awdiv                         text9        002814
__end_of___awmod                         text8        0028C4
__end_of__initialization                 cinit        002BD4
__end_of_main                            text0        002952
__initialization                         cinit        002BB4
__mediumconst                            mediumconst  000000
__pcinit                                 cinit        002BB4
__pcstackCOMRAM                          cstackCOMRAM 000501
__pdataCOMRAM                            dataCOMRAM   000518
__pidataCOMRAM                           idataCOMRAM  002BF0
__psmallconst                            smallconst   002600
__ptext0                                 text0        0028C4
__ptext1                                 text1        002622
__ptext10                                text10       002AB2
__ptext11                                text11       002C00
__ptext12                                text12       002B8A
__ptext13                                text13       002C0C
__ptext14                                text14       0029E0
__ptext15                                text15       002C22
__ptext2                                 text2        002A54
__ptext3                                 text3        002C18
__ptext4                                 text4        002BDA
__ptext5                                 text5        002B4E
__ptext6                                 text6        002B0A
__ptext7                                 text7        002952
__ptext8                                 text8        002814
__ptext9                                 text9        002750
__ramtop                                 ramtop       002600
__smallconst                             smallconst   002600
_character_matrix_buttons                dataCOMRAM   000518
_main                                    text0        0028C4
end_of_initialization                    cinit        002BD4
intlevel0                                text         000000
intlevel1                                text         000000
intlevel2                                text         000000
intlevel3                                text         000000
isa$std                                  (abs)        000001
isa$xinst                                (abs)        000000
main@raw_data                            cstackCOMRAM 000517
stackhi                                  (abs)        000000
stacklo                                  (abs)        000000
start                                    init         01FFFC
start_initialization                     cinit        002BB4


MODULE INFORMATION

Module		Function		Class		Link	Load	Size
C:\Program Files\Microchip\xc8\v2.41\pic\sources\c99\common\awmod.c
		___awmod       		CODE           	2814	0000	176

C:\Program Files\Microchip\xc8\v2.41\pic\sources\c99\common\awmod.c estimated size: 176

C:\Program Files\Microchip\xc8\v2.41\pic\sources\c99\common\awdiv.c
		___awdiv       		CODE           	2750	0000	196

C:\Program Files\Microchip\xc8\v2.41\pic\sources\c99\common\awdiv.c estimated size: 196

FM_Lcd_Easy.c
		_FM_Lcd_Easy_Init		CODE           	2B8A	0000	42
		_FM_Lcd_Send_Nibble		CODE           	29E0	0000	116
		_FM_Lcd_Set_Cursor		CODE           	2B0A	0000	68
		_FM_Lcd_Easy_Gpio_Init		CODE           	2C22	0000	8
		_FM_Lcd_Send_String		CODE           	2AB2	0000	88
		_FM_Lcd_Send_Character		CODE           	2C00	0000	12
		_FM_Lcd_Send_Uint8		CODE           	2952	0000	142
		_FM_Lcd_Send_Command		CODE           	2C0C	0000	12

FM_Lcd_Easy.c estimated size: 488

system_config.c
		_FM_Hfintosc_Init		CODE           	2B4E	0000	60

system_config.c estimated size: 60

shared
		__initialization		CODE           	2BB4	0000	32

shared estimated size: 32

main.c
		_main          		CODE           	28C4	0000	142
		_Internal_Clock_Init		CODE           	2BDA	0000	22
		_User_Matrix_Buttons_Read		CODE           	2A54	0000	94
		_User_Matrix_Buttons_Init		CODE           	2C18	0000	10
		_User_Matrix_Decode_Raw_Readed		CODE           	2622	0000	302

main.c estimated size: 570

