Microchip MPLAB XC8 Compiler V2.41

Linker command line:

-W-3 \
  --edf=C:\Program Files\Microchip\xc8\v2.41\pic\dat\20230208172133_en.msgs \
  -pivt0x8=08h -cn \
  -h+dist/default/production\proyecto_final.X.production.sym \
  --cmf=dist/default/production\proyecto_final.X.production.cmf -z \
  -Q18F57Q43 \
  -oC:\Users\ADMINI~1\AppData\Local\Temp\xcAs4gck.\driver_tmp_3.o \
  --defsym=__MPLAB_BUILD=1 --fixupoverflow=error \
  -Mdist/default/production/proyecto_final.X.production.map \
  --md=C:\Users\ADMINI~1\AppData\Local\Temp\xcAs4gck.\driver_tmp_0.dat -E1 \
  -ver=XC8 Compiler --acfsm=1493 -ACODE=00h-01FFFFh -ACONST=00h-01FFFFh \
  -ASMALLCONST=02600h-026FFhx474 \
  -AMEDIUMCONST=02600h-0FFFFh,012600h-01FFFFh -ACOMRAM=0501h-055Fh \
  -AABS1=0500h-024FFh -ABIGRAM=0501h-024FFh \
  -ARAM=0560h-05FFh,0600h-06FFhx31 -ABANK5=0560h-05FFh -ABANK6=0600h-06FFh \
  -ABANK7=0700h-07FFh -ABANK8=0800h-08FFh -ABANK9=0900h-09FFh \
  -ABANK10=0A00h-0AFFh -ABANK11=0B00h-0BFFh -ABANK12=0C00h-0CFFh \
  -ABANK13=0D00h-0DFFh -ABANK14=0E00h-0EFFh -ABANK15=0F00h-0FFFh \
  -ABANK16=01000h-010FFh -ABANK17=01100h-011FFh -ABANK18=01200h-012FFh \
  -ABANK19=01300h-013FFh -ABANK20=01400h-014FFh -ABANK21=01500h-015FFh \
  -ABANK22=01600h-016FFh -ABANK23=01700h-017FFh -ABANK24=01800h-018FFh \
  -ABANK25=01900h-019FFh -ABANK26=01A00h-01AFFh -ABANK27=01B00h-01BFFh \
  -ABANK28=01C00h-01CFFh -ABANK29=01D00h-01DFFh -ABANK30=01E00h-01EFFh \
  -ABANK31=01F00h-01FFFh -ABANK32=02000h-020FFh -ABANK33=02100h-021FFh \
  -ABANK34=02200h-022FFh -ABANK35=02300h-023FFh -ABANK36=02400h-024FFh \
  -ASFR=00h-0FFhx4,0400h-045Fh,0460h-04FFh,02500h-025FFh \
  -ABIGSFR=00h-04FFh,02500h-025FFh -ACONFIG=0300000h-0300011h \
  -AIDLOC=0200000h-020003Fh -AEEDATA=0380000h-03803FFh -peeprom_data=EEDATA \
  -preset_vec=00h -ppowerup=CODE,init -pramtop=02600h \
  -psmallconst=SMALLCONST -pmediumconst=MEDIUMCONST -pconst=CONST \
  -AFARRAM=00h-00h \
  -prdata=COMRAM,nvrram=COMRAM,nvbit=COMRAM,rbss=COMRAM,rbit=COMRAM \
  -pfarbss=FARRAM,fardata=FARRAM,nvFARRAM=FARRAM \
  -pintsave_regs=BIGRAM,bigbss=BIGRAM,bigdata=BIGRAM -pbss=RAM \
  -pidata=CODE,irdata=CODE,ibigdata=CODE,ifardata=CODE -prparam=COMRAM \
  C:\Users\ADMINI~1\AppData\Local\Temp\xcAs4gck.\driver_tmp_14.o \
  dist/default/production\proyecto_final.X.production.o 

Object code version is 3.11

Machine type is 18F57Q43



                Name                               Link     Load   Length Selector   Space Scale
C:\Users\ADMINI~1\AppData\Local\Temp\xcAs4gck.\driver_tmp_14.o
                idloc                            200000   200000       40        0       5
                config                           300000   300000        A        0       4
                init                                 1A       1A        4        4       0
                reset_vec                             0        0        4        0       0
dist/default/production\proyecto_final.X.production.o
                idloc                            200000   200000       40        0       5
                config                           300000   300000        A        0       4
                smallconst                         2600     2600       64     1300       0
                ivt0x8                                8        8       12        4       0
                text44                             52B6     52B6       5E     1332       0
                text43                             487C     487C      126     1332       0
                text42                             5656     5656       38     1332       0
                text41                             5178     5178       74     1332       0
                text40                             5740     5740        C     1332       0
                text39                             5088     5088       7C     1332       0
                text38                             5734     5734        C     1332       0
                text37                             54D8     54D8       44     1332       0
                text36                             5726     5726        E     1332       0
                text35                             55A0     55A0       42     1332       0
                text34                             555E     555E       42     1332       0
                text33                             5702     5702       16     1332       0
                text32                             55E2     55E2       3C     1332       0
                text31                             56EC     56EC       16     1332       0
                text30                             5718     5718        E     1332       0
                text29                             56B4     56B4       1E     1332       0
                text28                             56D2     56D2       1A     1332       0
                text27                             46C8     46C8      1B4     1332       0
                text26                             3D86     3D86      39A     1332       0
                text25                             4FDE     4FDE       AA     1332       0
                text24                             4AA8     4AA8      104     1332       0
                text23                             395C     395C      42A     1332       0
                text22                             561E     561E       38     1332       0
                text21                             305C     305C      4C0     1332       0
                text20                             540A     540A       46     1332       0
                text19                             49A2     49A2      106     1332       0
                text18                             4BAC     4BAC       FE     1332       0
                text17                             44B6     44B6      212     1332       0
                text16                             51EC     51EC       66     1332       0
                text15                             53BA     53BA       50     1332       0
                text14                             574C     574C        2     1332       0
                text13                             4E6A     4E6A       CA     1332       0
                text12                             5494     5494       44     1332       0
                text11                             4F34     4F34       AA     1332       0
                text10                             5450     5450       44     1332       0
                text9                              2664     2664      9F8     1332       0
                text8                              568E     568E       26     1332       0
                text7                              4D9C     4D9C       CE     1332       0
                text6                              5104     5104       74     1332       0
                text5                              5252     5252       64     1332       0
                text4                              4CAA     4CAA       F2     1332       0
                text3                              351C     351C      440     1332       0
                text2                              5314     5314       56     1332       0
                text1                              536A     536A       50     1332       0
                text0                              4120     4120      396     1332       0
                cstackCOMRAM                        501      501       58      501       1
                cstackBANK5                         560      560       74      560       1
                bssBANK6                            600      600       70      600       1
                bssBANK5                            5D4      5D4       27      560       1
                dataCOMRAM                          55B      55B        1      501       1
                bssCOMRAM                           559      559        2      501       1
                cinit                              551C     551C       42     1332       0
                idataCOMRAM                        574E     574E        1     1332       0

TOTAL           Name                               Link     Load   Length     Space
        CLASS   CODE           
                init                                 1A       1A        4         0
                reset_vec                             0        0        4         0
                ivt0x8                                8        8       12         0
                text44                             52B6     52B6       5E         0
                text43                             487C     487C      126         0
                text42                             5656     5656       38         0
                text41                             5178     5178       74         0
                text40                             5740     5740        C         0
                text39                             5088     5088       7C         0
                text38                             5734     5734        C         0
                text37                             54D8     54D8       44         0
                text36                             5726     5726        E         0
                text35                             55A0     55A0       42         0
                text34                             555E     555E       42         0
                text33                             5702     5702       16         0
                text32                             55E2     55E2       3C         0
                text31                             56EC     56EC       16         0
                text30                             5718     5718        E         0
                text29                             56B4     56B4       1E         0
                text28                             56D2     56D2       1A         0
                text27                             46C8     46C8      1B4         0
                text26                             3D86     3D86      39A         0
                text25                             4FDE     4FDE       AA         0
                text24                             4AA8     4AA8      104         0
                text23                             395C     395C      42A         0
                text22                             561E     561E       38         0
                text21                             305C     305C      4C0         0
                text20                             540A     540A       46         0
                text19                             49A2     49A2      106         0
                text18                             4BAC     4BAC       FE         0
                text17                             44B6     44B6      212         0
                text16                             51EC     51EC       66         0
                text15                             53BA     53BA       50         0
                text14                             574C     574C        2         0
                text13                             4E6A     4E6A       CA         0
                text12                             5494     5494       44         0
                text11                             4F34     4F34       AA         0
                text10                             5450     5450       44         0
                text9                              2664     2664      9F8         0
                text8                              568E     568E       26         0
                text7                              4D9C     4D9C       CE         0
                text6                              5104     5104       74         0
                text5                              5252     5252       64         0
                text4                              4CAA     4CAA       F2         0
                text3                              351C     351C      440         0
                text2                              5314     5314       56         0
                text1                              536A     536A       50         0
                text0                              4120     4120      396         0
                cinit                              551C     551C       42         0
                idataCOMRAM                        574E     574E        1         0

        CLASS   CONST          

        CLASS   SMALLCONST     
                smallconst                         2600     2600       64         0

        CLASS   MEDIUMCONST    

        CLASS   COMRAM         
                cstackCOMRAM                        501      501       58         1
                dataCOMRAM                          55B      55B        1         1
                bssCOMRAM                           559      559        2         1

        CLASS   ABS1           

        CLASS   BIGRAM         

        CLASS   RAM            

        CLASS   BANK5          
                cstackBANK5                         560      560       74         1
                bssBANK5                            5D4      5D4       27         1

        CLASS   BANK6          
                bssBANK6                            600      600       70         1

        CLASS   BANK7          

        CLASS   BANK8          

        CLASS   BANK9          

        CLASS   BANK10         

        CLASS   BANK11         

        CLASS   BANK12         

        CLASS   BANK13         

        CLASS   BANK14         

        CLASS   BANK15         

        CLASS   BANK16         

        CLASS   BANK17         

        CLASS   BANK18         

        CLASS   BANK19         

        CLASS   BANK20         

        CLASS   BANK21         

        CLASS   BANK22         

        CLASS   BANK23         

        CLASS   BANK24         

        CLASS   BANK25         

        CLASS   BANK26         

        CLASS   BANK27         

        CLASS   BANK28         

        CLASS   BANK29         

        CLASS   BANK30         

        CLASS   BANK31         

        CLASS   BANK32         

        CLASS   BANK33         

        CLASS   BANK34         

        CLASS   BANK35         

        CLASS   BANK36         

        CLASS   SFR            

        CLASS   BIGSFR         

        CLASS   CONFIG         
                config                           300000   300000        A         4

        CLASS   IDLOC          
                idloc                            200000   200000       40         5

        CLASS   EEDATA         

        CLASS   FARRAM         

        CLASS   HEAP           

        CLASS   STACK          



SEGMENTS        Name                           Load    Length   Top    Selector   Space  Class

                reset_vec                      000000  000004  000004         0       0  CODE    
                ivt0x8                         000008  000016  00001E         4       0  CODE    
                cstackCOMRAM                   000501  00005B  00055C       501       1  COMRAM  
                cstackBANK5                    000560  00009B  0005FB       560       1  BANK5   
                bssBANK6                       000600  000070  000670       600       1  BANK6   
                smallconst                     002600  000064  002664      1300       0  SMALLCON
                text9                          002664  0030EB  00574F      1332       0  CODE    


UNUSED ADDRESS RANGES

        Name                Unused          Largest block    Delta
        BANK10           000A00-000AFF              100
        BANK11           000B00-000BFF              100
        BANK12           000C00-000CFF              100
        BANK13           000D00-000DFF              100
        BANK14           000E00-000EFF              100
        BANK15           000F00-000FFF              100
        BANK16           001000-0010FF              100
        BANK17           001100-0011FF              100
        BANK18           001200-0012FF              100
        BANK19           001300-0013FF              100
        BANK20           001400-0014FF              100
        BANK21           001500-0015FF              100
        BANK22           001600-0016FF              100
        BANK23           001700-0017FF              100
        BANK24           001800-0018FF              100
        BANK25           001900-0019FF              100
        BANK26           001A00-001AFF              100
        BANK27           001B00-001BFF              100
        BANK28           001C00-001CFF              100
        BANK29           001D00-001DFF              100
        BANK30           001E00-001EFF              100
        BANK31           001F00-001FFF              100
        BANK32           002000-0020FF              100
        BANK33           002100-0021FF              100
        BANK34           002200-0022FF              100
        BANK35           002300-0023FF              100
        BANK36           002400-0024FF              100
        BANK5            0005FB-0005FF                5
        BANK6            000670-0006FF               90
        BANK7            000700-0007FF              100
        BANK8            000800-0008FF              100
        BANK9            000900-0009FF              100
        BIGRAM           00055C-00055F                4
                         0005FB-0005FF                5
                         000670-0024FF             1E90
        BIGSFR           000000-0004FF              500
                         002500-0025FF              100
        CODE             000004-000007                4
                         00001E-0025FF             25E2
                         00574F-01FFFF            1A8B1
        COMRAM           00055C-00055F                4
        CONFIG           30000A-300011                8
        CONST            000004-000007                4
                         00001E-0025FF             25E2
                         00574F-01FFFF            1A8B1
        EEDATA           380000-3803FF              400
        MEDIUMCONST      00574F-00FFFF             A8B1
                         012600-01FFFF             DA00
        RAM              0005FB-0005FF                5
                         000670-0024FF              100
        SFR              000000-0004FF              100
                         002500-0025FF              100
        SMALLCONST       00574F-01FFFF              100

                                  Symbol Table

?_Adc_Read_Analog_Pin                     cstackCOMRAM 000504
?___fladd                                 cstackCOMRAM 000504
?___fldiv                                 cstackCOMRAM 000512
?___flmul                                 cstackCOMRAM 00052B
?___flneg                                 cstackCOMRAM 000504
?___flsub                                 cstackCOMRAM 000544
?___fltol                                 cstackCOMRAM 000544
?___fpclassifyf                           cstackCOMRAM 000504
?___lwdiv                                 cstackCOMRAM 000504
?___lwmod                                 cstackCOMRAM 000504
?___wmul                                  cstackCOMRAM 000504
?___xxtofl                                cstackCOMRAM 000504
?_floorf                                  cstackCOMRAM 00052B
?_labs                                    cstackCOMRAM 000504
?_read_prec_or_width                      cstackCOMRAM 00050A
?_sprintf                                 cstackBANK5  0005A5
?_vfprintf                                cstackBANK5  00059D
Adc_Read_Analog_Pin@adc_val               cstackCOMRAM 000508
Adc_Read_Analog_Pin@pin                   cstackCOMRAM 00050A
Detect_Falling_Edge@current_value         cstackCOMRAM 000503
Detect_Falling_Edge@falling_edge_detected cstackCOMRAM 000501
Detect_Falling_Edge@past_value            dataCOMRAM   00055B
FM_Hfintosc_Init@clock_params             cstackCOMRAM 000504
FM_Lcd_Send_Character@character_to_send   cstackCOMRAM 000508
FM_Lcd_Send_Command@command_to_send       cstackCOMRAM 000508
FM_Lcd_Send_Nibble@byte_to_send           cstackCOMRAM 000505
FM_Lcd_Send_Nibble@lower_bits             cstackCOMRAM 000507
FM_Lcd_Send_Nibble@upper_bits             cstackCOMRAM 000506
FM_Lcd_Send_String@cadena                 cstackCOMRAM 000509
FM_Lcd_Send_String@index                  cstackCOMRAM 00050D
FM_Lcd_Set_Cursor@base_pos                cstackCOMRAM 00050B
FM_Lcd_Set_Cursor@columna                 cstackCOMRAM 000509
FM_Lcd_Set_Cursor@filas                   cstackCOMRAM 00050A
IVTBASEH                                  (abs)        00045E
IVTBASEL                                  (abs)        00045D
IVTBASEU                                  (abs)        00045F
Init_Internal_Oscillator@my_clock         cstackCOMRAM 000507
_ADACQ                                    (abs)        0003EE
_ADCLK                                    (abs)        0003FA
_ADCON0                                   (abs)        0003F3
_ADCON1                                   (abs)        0003F4
_ADCON2                                   (abs)        0003F5
_ADPCH                                    (abs)        0003EC
_ADPRE                                    (abs)        0003F1
_ADREF                                    (abs)        0003F8
_ADRESH                                   (abs)        0003EB
_ADRESL                                   (abs)        0003EA
_ANSELA                                   (abs)        000400
_ANSELB                                   (abs)        000408
_ANSELD                                   (abs)        000418
_ANSELF                                   (abs)        000428
_Adc_Read_Analog_Pin                      text42       005656
_Detect_Falling_Edge                      text44       0052B6
_Detect_Falling_Edge$297                  cstackCOMRAM 000502
_FM_Hfintosc_Init                         text32       0055E2
_FM_Lcd_Easy_Gpio_Init                    text36       005726
_FM_Lcd_Easy_Init                         text35       0055A0
_FM_Lcd_Send_Character                    text40       005740
_FM_Lcd_Send_Command                      text38       005734
_FM_Lcd_Send_Nibble                       text41       005178
_FM_Lcd_Send_String                       text39       005088
_FM_Lcd_Set_Cursor                        text37       0054D8
_INTCON0                                  (abs)        0004D6
_ISR                                      text43       00487C
_Init_ADCC_Module                         text34       00555E
_Init_Gpio_System                         text33       005702
_Init_Internal_Oscillator                 text31       0056EC
_Init_Interrupts                          text30       005718
_Init_Timer0_As_Timer                     text29       0056B4
_LATD                                     (abs)        0004C1
_LATF                                     (abs)        0004C3
_OSCCON1bits                              (abs)        0000AD
_OSCFRQbits                               (abs)        0000B1
_PIE3                                     (abs)        0004A1
_PIR3                                     (abs)        0004B1
_PIR9                                     (abs)        0004B7
_PORTB                                    (abs)        0004CF
_RF0PPS                                   (abs)        000229
_System_Init                              text28       0056D2
_T0CON0                                   (abs)        00031A
_T0CON1                                   (abs)        00031B
_TMR0                                     (abs)        000318
_TRISA                                    (abs)        0004C6
_TRISB                                    (abs)        0004C7
_TRISD                                    (abs)        0004C9
_TRISF                                    (abs)        0004CB
_U3BRG                                    (abs)        0002D4
_U3CON0                                   (abs)        0002D1
_U3CON1                                   (abs)        0002D2
_U3CON2                                   (abs)        0002D3
_U3RXB                                    (abs)        0002C7
_U3RXPPS                                  (abs)        000276
_U3TXB                                    (abs)        0002C9
__HRAM                                    (abs)        000000
__H__absolute__                           __absolute__ 000000
__Habs1                                   abs1         000000
__Hbank10                                 bank10       000000
__Hbank11                                 bank11       000000
__Hbank12                                 bank12       000000
__Hbank13                                 bank13       000000
__Hbank14                                 bank14       000000
__Hbank15                                 bank15       000000
__Hbank16                                 bank16       000000
__Hbank17                                 bank17       000000
__Hbank18                                 bank18       000000
__Hbank19                                 bank19       000000
__Hbank20                                 bank20       000000
__Hbank21                                 bank21       000000
__Hbank22                                 bank22       000000
__Hbank23                                 bank23       000000
__Hbank24                                 bank24       000000
__Hbank25                                 bank25       000000
__Hbank26                                 bank26       000000
__Hbank27                                 bank27       000000
__Hbank28                                 bank28       000000
__Hbank29                                 bank29       000000
__Hbank30                                 bank30       000000
__Hbank31                                 bank31       000000
__Hbank32                                 bank32       000000
__Hbank33                                 bank33       000000
__Hbank34                                 bank34       000000
__Hbank35                                 bank35       000000
__Hbank36                                 bank36       000000
__Hbank5                                  bank5        000000
__Hbank6                                  bank6        000000
__Hbank7                                  bank7        000000
__Hbank8                                  bank8        000000
__Hbank9                                  bank9        000000
__Hbigbss                                 bigbss       000000
__Hbigdata                                bigdata      000000
__Hbigram                                 bigram       000000
__Hbigsfr                                 bigsfr       000000
__Hbss                                    bss          000000
__HbssBANK5                               bssBANK5     000000
__HbssBANK6                               bssBANK6     000000
__HbssCOMRAM                              bssCOMRAM    000000
__Hcinit                                  cinit        000000
__Hclrtext                                clrtext      000000
__Hcomram                                 comram       000000
__Hconfig                                 config       30000A
__Hconst                                  const        000000
__HcstackBANK5                            cstackBANK5  000000
__HcstackCOMRAM                           cstackCOMRAM 000000
__Hdata                                   data         000000
__HdataCOMRAM                             dataCOMRAM   000000
__Heeprom_data                            eeprom_data  000000
__Hfarbss                                 farbss       000000
__Hfardata                                fardata      000000
__Hheap                                   heap         000000
__Hibigdata                               ibigdata     000000
__Hidata                                  idata        000000
__HidataCOMRAM                            idataCOMRAM  000000
__Hidloc                                  idloc        200040
__Hifardata                               ifardata     000000
__Hinit                                   init         00001E
__Hintsave_regs                           intsave_regs 000000
__Hirdata                                 irdata       000000
__Hivt0x8                                 ivt0x8       00001A
__Hmediumconst                            mediumconst  000000
__HnvFARRAM                               nvFARRAM     000000
__Hnvbit                                  nvbit        000000
__Hnvrram                                 nvrram       000000
__Hparam                                  rparam       000000
__Hpowerup                                powerup      000000
__Hram                                    ram          000000
__Hramtop                                 ramtop       002600
__Hrbit                                   rbit         000000
__Hrbss                                   rbss         000000
__Hrdata                                  rdata        000000
__Hreset_vec                              reset_vec    000004
__Hrparam                                 rparam       000000
__Hsfr                                    sfr          000000
__Hsmallconst                             smallconst   002664
__Hspace_0                                (abs)        00574F
__Hspace_1                                (abs)        000670
__Hspace_2                                (abs)        000000
__Hspace_4                                (abs)        60000A
__Hstack                                  stack        000000
__Hstruct                                 struct       000000
__Htemp                                   temp         000000
__Htext                                   text         000000
__Htext0                                  text0        000000
__Htext1                                  text1        000000
__Htext10                                 text10       000000
__Htext11                                 text11       000000
__Htext12                                 text12       000000
__Htext13                                 text13       000000
__Htext14                                 text14       000000
__Htext15                                 text15       000000
__Htext16                                 text16       000000
__Htext17                                 text17       000000
__Htext18                                 text18       000000
__Htext19                                 text19       000000
__Htext2                                  text2        000000
__Htext20                                 text20       000000
__Htext21                                 text21       000000
__Htext22                                 text22       000000
__Htext23                                 text23       000000
__Htext24                                 text24       000000
__Htext25                                 text25       000000
__Htext26                                 text26       000000
__Htext27                                 text27       000000
__Htext28                                 text28       000000
__Htext29                                 text29       000000
__Htext3                                  text3        000000
__Htext30                                 text30       000000
__Htext31                                 text31       000000
__Htext32                                 text32       000000
__Htext33                                 text33       000000
__Htext34                                 text34       000000
__Htext35                                 text35       000000
__Htext36                                 text36       000000
__Htext37                                 text37       000000
__Htext38                                 text38       000000
__Htext39                                 text39       000000
__Htext4                                  text4        000000
__Htext40                                 text40       000000
__Htext41                                 text41       000000
__Htext42                                 text42       000000
__Htext43                                 text43       000000
__Htext44                                 text44       000000
__Htext5                                  text5        000000
__Htext6                                  text6        000000
__Htext7                                  text7        000000
__Htext8                                  text8        000000
__Htext9                                  text9        000000
__LRAM                                    (abs)        000001
__L__absolute__                           __absolute__ 000000
__Labs1                                   abs1         000000
__Lbank10                                 bank10       000000
__Lbank11                                 bank11       000000
__Lbank12                                 bank12       000000
__Lbank13                                 bank13       000000
__Lbank14                                 bank14       000000
__Lbank15                                 bank15       000000
__Lbank16                                 bank16       000000
__Lbank17                                 bank17       000000
__Lbank18                                 bank18       000000
__Lbank19                                 bank19       000000
__Lbank20                                 bank20       000000
__Lbank21                                 bank21       000000
__Lbank22                                 bank22       000000
__Lbank23                                 bank23       000000
__Lbank24                                 bank24       000000
__Lbank25                                 bank25       000000
__Lbank26                                 bank26       000000
__Lbank27                                 bank27       000000
__Lbank28                                 bank28       000000
__Lbank29                                 bank29       000000
__Lbank30                                 bank30       000000
__Lbank31                                 bank31       000000
__Lbank32                                 bank32       000000
__Lbank33                                 bank33       000000
__Lbank34                                 bank34       000000
__Lbank35                                 bank35       000000
__Lbank36                                 bank36       000000
__Lbank5                                  bank5        000000
__Lbank6                                  bank6        000000
__Lbank7                                  bank7        000000
__Lbank8                                  bank8        000000
__Lbank9                                  bank9        000000
__Lbigbss                                 bigbss       000000
__Lbigdata                                bigdata      000000
__Lbigram                                 bigram       000000
__Lbigsfr                                 bigsfr       000000
__Lbss                                    bss          000000
__LbssBANK5                               bssBANK5     000000
__LbssBANK6                               bssBANK6     000000
__LbssCOMRAM                              bssCOMRAM    000000
__Lcinit                                  cinit        000000
__Lclrtext                                clrtext      000000
__Lcomram                                 comram       000000
__Lconfig                                 config       000000
__Lconst                                  const        000000
__LcstackBANK5                            cstackBANK5  000000
__LcstackCOMRAM                           cstackCOMRAM 000000
__Ldata                                   data         000000
__LdataCOMRAM                             dataCOMRAM   000000
__Leeprom_data                            eeprom_data  000000
__Lfarbss                                 farbss       000000
__Lfardata                                fardata      000000
__Lheap                                   heap         000000
__Libigdata                               ibigdata     000000
__Lidata                                  idata        000000
__LidataCOMRAM                            idataCOMRAM  000000
__Lidloc                                  idloc        000000
__Lifardata                               ifardata     000000
__Linit                                   init         00001A
__Lintsave_regs                           intsave_regs 000000
__Lirdata                                 irdata       000000
__Livt0x8                                 ivt0x8       000008
__Lmediumconst                            mediumconst  000000
__LnvFARRAM                               nvFARRAM     000000
__Lnvbit                                  nvbit        000000
__Lnvrram                                 nvrram       000000
__Lparam                                  rparam       000000
__Lpowerup                                powerup      000000
__Lram                                    ram          000000
__Lramtop                                 ramtop       002600
__Lrbit                                   rbit         000000
__Lrbss                                   rbss         000000
__Lrdata                                  rdata        000000
__Lreset_vec                              reset_vec    000000
__Lrparam                                 rparam       000000
__Lsfr                                    sfr          000000
__Lsmallconst                             smallconst   002600
__Lspace_0                                (abs)        000000
__Lspace_1                                (abs)        000000
__Lspace_2                                (abs)        000000
__Lspace_4                                (abs)        000000
__Lstack                                  stack        000000
__Lstruct                                 struct       000000
__Ltemp                                   temp         000000
__Ltext                                   text         000000
__Ltext0                                  text0        000000
__Ltext1                                  text1        000000
__Ltext10                                 text10       000000
__Ltext11                                 text11       000000
__Ltext12                                 text12       000000
__Ltext13                                 text13       000000
__Ltext14                                 text14       000000
__Ltext15                                 text15       000000
__Ltext16                                 text16       000000
__Ltext17                                 text17       000000
__Ltext18                                 text18       000000
__Ltext19                                 text19       000000
__Ltext2                                  text2        000000
__Ltext20                                 text20       000000
__Ltext21                                 text21       000000
__Ltext22                                 text22       000000
__Ltext23                                 text23       000000
__Ltext24                                 text24       000000
__Ltext25                                 text25       000000
__Ltext26                                 text26       000000
__Ltext27                                 text27       000000
__Ltext28                                 text28       000000
__Ltext29                                 text29       000000
__Ltext3                                  text3        000000
__Ltext30                                 text30       000000
__Ltext31                                 text31       000000
__Ltext32                                 text32       000000
__Ltext33                                 text33       000000
__Ltext34                                 text34       000000
__Ltext35                                 text35       000000
__Ltext36                                 text36       000000
__Ltext37                                 text37       000000
__Ltext38                                 text38       000000
__Ltext39                                 text39       000000
__Ltext4                                  text4        000000
__Ltext40                                 text40       000000
__Ltext41                                 text41       000000
__Ltext42                                 text42       000000
__Ltext43                                 text43       000000
__Ltext44                                 text44       000000
__Ltext5                                  text5        000000
__Ltext6                                  text6        000000
__Ltext7                                  text7        000000
__Ltext8                                  text8        000000
__Ltext9                                  text9        000000
__S0                                      (abs)        00574F
__S1                                      (abs)        000670
__S4                                      (abs)        000000
__S5                                      (abs)        000000
___fladd                                  text21       00305C
___fladd@a                                cstackCOMRAM 000508
___fladd@aexp                             cstackCOMRAM 000511
___fladd@b                                cstackCOMRAM 000504
___fladd@bexp                             cstackCOMRAM 000512
___fladd@grs                              cstackCOMRAM 000513
___fladd@signs                            cstackCOMRAM 000510
___fldiv                                  text26       003D86
___fldiv@a                                cstackCOMRAM 000516
___fldiv@aexp                             cstackCOMRAM 00052A
___fldiv@b                                cstackCOMRAM 000512
___fldiv@bexp                             cstackCOMRAM 000529
___fldiv@grs                              cstackCOMRAM 000525
___fldiv@new_exp                          cstackCOMRAM 000523
___fldiv@rem                              cstackCOMRAM 00051E
___fldiv@sign                             cstackCOMRAM 000522
___fleq                                   text25       004FDE
___fleq@ff1                               cstackCOMRAM 000504
___fleq@ff2                               cstackCOMRAM 000508
___flge                                   text24       004AA8
___flge@ff1                               cstackCOMRAM 000544
___flge@ff2                               cstackCOMRAM 000548
___flmul                                  text23       00395C
___flmul@a                                cstackCOMRAM 00052F
___flmul@aexp                             cstackCOMRAM 000538
___flmul@b                                cstackCOMRAM 00052B
___flmul@bexp                             cstackCOMRAM 00053D
___flmul@grs                              cstackCOMRAM 000539
___flmul@prod                             cstackCOMRAM 00053E
___flmul@sign                             cstackCOMRAM 000537
___flmul@temp                             cstackCOMRAM 000542
___flneg                                  text22       00561E
___flneg@f1                               cstackCOMRAM 000504
___flsub                                  text20       00540A
___flsub@a                                cstackCOMRAM 000548
___flsub@b                                cstackCOMRAM 000544
___fltol                                  text19       0049A2
___fltol@exp1                             cstackCOMRAM 00054D
___fltol@f1                               cstackCOMRAM 000544
___fltol@sign1                            cstackCOMRAM 00054C
___fpclassifyf                            text18       004BAC
___fpclassifyf@F465                       bssBANK5     0005E8
___fpclassifyf@e                          cstackCOMRAM 00050C
___fpclassifyf@u                          cstackCOMRAM 00050E
___fpclassifyf@x                          cstackCOMRAM 000504
___heap_hi                                (abs)        000000
___heap_lo                                (abs)        000000
___inthi_sp                               stack        000000
___intlo_sp                               stack        000000
___lwdiv                                  text6        005104
___lwdiv@counter                          cstackCOMRAM 000508
___lwdiv@dividend                         cstackCOMRAM 000504
___lwdiv@divisor                          cstackCOMRAM 000506
___lwdiv@quotient                         cstackCOMRAM 000509
___lwmod                                  text5        005252
___lwmod@counter                          cstackCOMRAM 000508
___lwmod@dividend                         cstackCOMRAM 000504
___lwmod@divisor                          cstackCOMRAM 000506
___param_bank                             (abs)        000000
___rparam_used                            (abs)        000001
___sp                                     stack        000000
___wmul                                   text8        00568E
___wmul@multiplicand                      cstackCOMRAM 000506
___wmul@multiplier                        cstackCOMRAM 000504
___wmul@product                           cstackCOMRAM 000508
___xxtofl                                 text27       0046C8
___xxtofl@arg                             cstackCOMRAM 00050E
___xxtofl@exp                             cstackCOMRAM 00050D
___xxtofl@sign                            cstackCOMRAM 00050C
___xxtofl@val                             cstackCOMRAM 000504
__accesstop                               (abs)        000560
__activetblptr                            (abs)        000003
__end_of_Adc_Read_Analog_Pin              text42       00568E
__end_of_Detect_Falling_Edge              text44       005314
__end_of_FM_Hfintosc_Init                 text32       00561E
__end_of_FM_Lcd_Easy_Gpio_Init            text36       005734
__end_of_FM_Lcd_Easy_Init                 text35       0055E2
__end_of_FM_Lcd_Send_Character            text40       00574C
__end_of_FM_Lcd_Send_Command              text38       005740
__end_of_FM_Lcd_Send_Nibble               text41       0051EC
__end_of_FM_Lcd_Send_String               text39       005104
__end_of_FM_Lcd_Set_Cursor                text37       00551C
__end_of_ISR                              text43       0049A2
__end_of_Init_ADCC_Module                 text34       0055A0
__end_of_Init_Gpio_System                 text33       005718
__end_of_Init_Internal_Oscillator         text31       005702
__end_of_Init_Interrupts                  text30       005726
__end_of_Init_Timer0_As_Timer             text29       0056D2
__end_of_System_Init                      text28       0056EC
__end_of___fladd                          text21       00351C
__end_of___fldiv                          text26       004120
__end_of___fleq                           text25       005088
__end_of___flge                           text24       004BAC
__end_of___flmul                          text23       003D86
__end_of___flneg                          text22       005656
__end_of___flsub                          text20       005450
__end_of___fltol                          text19       004AA8
__end_of___fpclassifyf                    text18       004CAA
__end_of___lwdiv                          text6        005178
__end_of___lwmod                          text5        0052B6
__end_of___wmul                           text8        0056B4
__end_of___xxtofl                         text27       00487C
__end_of__initialization                  cinit        005558
__end_of_efgtoa                           text9        00305C
__end_of_floorf                           text17       0046C8
__end_of_fputc                            text13       004F34
__end_of_fputs                            text12       0054D8
__end_of_labs                             text16       005252
__end_of_main                             text0        0044B6
__end_of_memcpy                           text15       00540A
__end_of_pad                              text11       004FDE
__end_of_putch                            text14       00574E
__end_of_read_prec_or_width               text7        004E6A
__end_of_sprintf                          text1        0053BA
__end_of_strcpy                           text10       005494
__end_of_utoa                             text4        004D9C
__end_of_vfpfcnvrt                        text3        00395C
__end_of_vfprintf                         text2        00536A
__initialization                          cinit        00551C
__mediumconst                             mediumconst  000000
__pbssBANK5                               bssBANK5     0005D4
__pbssBANK6                               bssBANK6     000600
__pbssCOMRAM                              bssCOMRAM    000559
__pcinit                                  cinit        00551C
__pcstackBANK5                            cstackBANK5  000560
__pcstackCOMRAM                           cstackCOMRAM 000501
__pdataCOMRAM                             dataCOMRAM   00055B
__pidataCOMRAM                            idataCOMRAM  00574E
__pivt0x8                                 ivt0x8       000008
__psmallconst                             smallconst   002600
__ptext0                                  text0        004120
__ptext1                                  text1        00536A
__ptext10                                 text10       005450
__ptext11                                 text11       004F34
__ptext12                                 text12       005494
__ptext13                                 text13       004E6A
__ptext14                                 text14       00574C
__ptext15                                 text15       0053BA
__ptext16                                 text16       0051EC
__ptext17                                 text17       0044B6
__ptext18                                 text18       004BAC
__ptext19                                 text19       0049A2
__ptext2                                  text2        005314
__ptext20                                 text20       00540A
__ptext21                                 text21       00305C
__ptext22                                 text22       00561E
__ptext23                                 text23       00395C
__ptext24                                 text24       004AA8
__ptext25                                 text25       004FDE
__ptext26                                 text26       003D86
__ptext27                                 text27       0046C8
__ptext28                                 text28       0056D2
__ptext29                                 text29       0056B4
__ptext3                                  text3        00351C
__ptext30                                 text30       005718
__ptext31                                 text31       0056EC
__ptext32                                 text32       0055E2
__ptext33                                 text33       005702
__ptext34                                 text34       00555E
__ptext35                                 text35       0055A0
__ptext36                                 text36       005726
__ptext37                                 text37       0054D8
__ptext38                                 text38       005734
__ptext39                                 text39       005088
__ptext4                                  text4        004CAA
__ptext40                                 text40       005740
__ptext41                                 text41       005178
__ptext42                                 text42       005656
__ptext43                                 text43       00487C
__ptext44                                 text44       0052B6
__ptext5                                  text5        005252
__ptext6                                  text6        005104
__ptext7                                  text7        004D9C
__ptext8                                  text8        00568E
__ptext9                                  text9        002664
__ramtop                                  ramtop       002600
__smallconst                              smallconst   002600
_average_ms                               bssBANK5     0005F0
_contador_ms                              bssBANK5     0005F4
_dbuf                                     bssBANK6     000600
_efgtoa                                   text9        002664
_efgtoa$1089                              cstackBANK5  000566
_flags                                    bssCOMRAM    000559
_floorf                                   text17       0044B6
_fputc                                    text13       004E6A
_fputs                                    text12       005494
_indicador_ms                             bssBANK5     0005F9
_labs                                     text16       0051EC
_led_counter                              bssBANK5     0005DC
_main                                     text0        004120
_main$1415                                cstackBANK5  0005C7
_main$1416                                cstackBANK5  0005CB
_memcpy                                   text15       0053BA
_msj1                                     bssBANK6     000660
_msj2                                     bssBANK6     000650
_pad                                      text11       004F34
_prec                                     bssBANK5     0005EE
_print_counter                            bssBANK5     0005F6
_print_flag                               bssCOMRAM    00055A
_putch                                    text14       00574C
_read_prec_or_width                       text7        004D9C
_refresh_flag                             bssBANK5     0005F8
_rpm_counter                              bssBANK5     0005D4
_sample_counter                           bssBANK5     0005F2
_sprintf                                  text1        00536A
_strcpy                                   text10       005450
_utoa                                     text4        004CAA
_vfpfcnvrt                                text3        00351C
_vfprintf                                 text2        005314
_width                                    bssBANK5     0005EC
efgtoa@c                                  cstackCOMRAM 000556
efgtoa@d                                  cstackBANK5  00056B
efgtoa@e                                  cstackBANK5  00056F
efgtoa@f                                  cstackCOMRAM 000552
efgtoa@fp                                 cstackCOMRAM 000550
efgtoa@g                                  cstackBANK5  000582
efgtoa@h                                  cstackBANK5  000579
efgtoa@i                                  cstackBANK5  000577
efgtoa@l                                  cstackBANK5  00057D
efgtoa@m                                  cstackBANK5  00056D
efgtoa@mode                               cstackBANK5  000569
efgtoa@n                                  cstackBANK5  000586
efgtoa@ne                                 cstackBANK5  000560
efgtoa@nmode                              cstackBANK5  00056A
efgtoa@ou                                 cstackBANK5  000573
efgtoa@p                                  cstackBANK5  000562
efgtoa@pp                                 cstackBANK5  000568
efgtoa@sign                               cstackBANK5  000581
efgtoa@t                                  cstackBANK5  000564
efgtoa@u                                  cstackBANK5  000588
efgtoa@w                                  cstackBANK5  000571
end_of_initialization                     cinit        005558
floorf@F526                               bssBANK5     0005E4
floorf@e                                  cstackCOMRAM 000539
floorf@m                                  cstackCOMRAM 000535
floorf@u                                  cstackCOMRAM 00053B
floorf@x                                  cstackCOMRAM 00052B
fputc@c                                   cstackCOMRAM 000504
fputc@fp                                  cstackCOMRAM 000506
fputs@c                                   cstackCOMRAM 000511
fputs@fp                                  cstackCOMRAM 00050F
fputs@i                                   cstackCOMRAM 000512
fputs@s                                   cstackCOMRAM 00050D
intlevel0                                 text         000000
intlevel1                                 text         000000
intlevel2                                 text         000000
intlevel3                                 text         000000
isa$std                                   (abs)        000001
isa$xinst                                 (abs)        000000
ivt0x8_base                               ivt0x8       000008
labs@a                                    cstackCOMRAM 000504
main@adc_val                              cstackBANK5  0005CF
main@com_val                              cstackBANK5  0005D1
main@curr_motor                           cstackBANK5  0005BF
main@rpm                                  cstackBANK5  0005C3
main@val_percent                          cstackBANK5  0005D3
memcpy@d                                  cstackCOMRAM 00050B
memcpy@d1                                 cstackCOMRAM 000504
memcpy@n                                  cstackCOMRAM 000508
memcpy@s                                  cstackCOMRAM 00050D
memcpy@s1                                 cstackCOMRAM 000506
memcpy@tmp                                cstackCOMRAM 00050A
pad@buf                                   cstackCOMRAM 000516
pad@fp                                    cstackCOMRAM 000514
pad@i                                     cstackCOMRAM 00051B
pad@p                                     cstackCOMRAM 000518
pad@w                                     cstackCOMRAM 00051D
read_prec_or_width@ap                     cstackCOMRAM 00050C
read_prec_or_width@c                      cstackCOMRAM 000510
read_prec_or_width@fmt                    cstackCOMRAM 00050A
read_prec_or_width@n                      cstackCOMRAM 000511
sprintf@ap                                cstackBANK5  0005AF
sprintf@f                                 cstackBANK5  0005B1
sprintf@fmt                               cstackBANK5  0005A7
sprintf@s                                 cstackBANK5  0005A5
stackhi                                   (abs)        000000
stacklo                                   (abs)        000000
start                                     init         00001A
start_initialization                      cinit        00551C
strcpy@d                                  cstackCOMRAM 00050A
strcpy@dest                               cstackCOMRAM 000504
strcpy@s                                  cstackCOMRAM 000508
strcpy@src                                cstackCOMRAM 000506
utoa@d                                    cstackCOMRAM 000521
utoa@fp                                   cstackCOMRAM 00051F
utoa@i                                    cstackCOMRAM 000527
utoa@p                                    cstackCOMRAM 000525
utoa@w                                    cstackCOMRAM 000523
vfpfcnvrt@ap                              cstackBANK5  000590
vfpfcnvrt@c                               cstackBANK5  00059A
vfpfcnvrt@convarg                         cstackBANK5  000596
vfpfcnvrt@cp                              cstackBANK5  00059B
vfpfcnvrt@done                            cstackBANK5  000594
vfpfcnvrt@fmt                             cstackBANK5  00058E
vfpfcnvrt@fp                              cstackBANK5  00058C
vfprintf@ap                               cstackBANK5  0005A1
vfprintf@cfmt                             cstackBANK5  0005A3
vfprintf@fmt                              cstackBANK5  00059F
vfprintf@fp                               cstackBANK5  00059D


MODULE INFORMATION

Module		Function		Class		Link	Load	Size
C:\Program Files\Microchip\xc8\v2.41\pic\sources\c99\common\__fpclassifyf.c
		___fpclassifyf 		CODE           	4BAC	0000	254

C:\Program Files\Microchip\xc8\v2.41\pic\sources\c99\common\__fpclassifyf.c estimated size: 254

C:\Program Files\Microchip\xc8\v2.41\pic\sources\c99\common\floorf.c
		_floorf        		CODE           	44B6	0000	530

C:\Program Files\Microchip\xc8\v2.41\pic\sources\c99\common\floorf.c estimated size: 530

C:\Program Files\Microchip\xc8\v2.41\pic\sources\c99\common\flge.c
		___flge        		CODE           	4AA8	0000	260

C:\Program Files\Microchip\xc8\v2.41\pic\sources\c99\common\flge.c estimated size: 260

C:\Program Files\Microchip\xc8\v2.41\pic\sources\c99\common\fltol.c
		___fltol       		CODE           	49A2	0000	262

C:\Program Files\Microchip\xc8\v2.41\pic\sources\c99\common\fltol.c estimated size: 262

C:\Program Files\Microchip\xc8\v2.41\pic\sources\c99\common\xxtofl.c
		___xxtofl      		CODE           	46C8	0000	436

C:\Program Files\Microchip\xc8\v2.41\pic\sources\c99\common\xxtofl.c estimated size: 436

C:\Program Files\Microchip\xc8\v2.41\pic\sources\c99\common\nf_fputc.c
		_fputc         		CODE           	4E6A	0000	202

C:\Program Files\Microchip\xc8\v2.41\pic\sources\c99\common\nf_fputc.c estimated size: 202

C:\Program Files\Microchip\xc8\v2.41\pic\sources\c99\common\strcpy.c
		_strcpy        		CODE           	5450	0000	68

C:\Program Files\Microchip\xc8\v2.41\pic\sources\c99\common\strcpy.c estimated size: 68

C:\Program Files\Microchip\xc8\v2.41\pic\sources\c99\common\nf_sprintf.c
		_sprintf       		CODE           	536A	0000	80

C:\Program Files\Microchip\xc8\v2.41\pic\sources\c99\common\nf_sprintf.c estimated size: 80

C:\Program Files\Microchip\xc8\v2.41\pic\sources\c99\common\sprcadd.c
		___flsub       		CODE           	540A	0000	70
		___fladd       		CODE           	305C	0000	1216

C:\Program Files\Microchip\xc8\v2.41\pic\sources\c99\common\sprcadd.c estimated size: 1286

C:\Program Files\Microchip\xc8\v2.41\pic\sources\c99\common\lwdiv.c
		___lwdiv       		CODE           	5104	0000	116

C:\Program Files\Microchip\xc8\v2.41\pic\sources\c99\common\lwdiv.c estimated size: 116

C:\Program Files\Microchip\xc8\v2.41\pic\sources\c99\common\doprnt.c
		_read_prec_or_width		CODE           	4D9C	0000	206
		_vfpfcnvrt     		CODE           	351C	0000	1088
		_efgtoa        		CODE           	2664	0000	2552
		_pad           		CODE           	4F34	0000	170
		_vfprintf      		CODE           	5314	0000	86
		_utoa          		CODE           	4CAA	0000	242

C:\Program Files\Microchip\xc8\v2.41\pic\sources\c99\common\doprnt.c estimated size: 4344

C:\Program Files\Microchip\xc8\v2.41\pic\sources\c99\common\flneg.c
		___flneg       		CODE           	561E	0000	56

C:\Program Files\Microchip\xc8\v2.41\pic\sources\c99\common\flneg.c estimated size: 56

FM_Lcd_Easy.c
		_FM_Lcd_Easy_Init		CODE           	55A0	0000	66
		_FM_Lcd_Send_Nibble		CODE           	5178	0000	116
		_FM_Lcd_Set_Cursor		CODE           	54D8	0000	68
		_FM_Lcd_Easy_Gpio_Init		CODE           	5726	0000	14
		_FM_Lcd_Send_String		CODE           	5088	0000	124
		_FM_Lcd_Send_Character		CODE           	5740	0000	12
		_FM_Lcd_Send_Command		CODE           	5734	0000	12

FM_Lcd_Easy.c estimated size: 412

C:\Program Files\Microchip\xc8\v2.41\pic\sources\c99\common\fleq.c
		___fleq        		CODE           	4FDE	0000	170

C:\Program Files\Microchip\xc8\v2.41\pic\sources\c99\common\fleq.c estimated size: 170

system_config.c
		_FM_Hfintosc_Init		CODE           	55E2	0000	60

system_config.c estimated size: 60

shared
		__initialization		CODE           	551C	0000	60

shared estimated size: 60

C:\Program Files\Microchip\xc8\v2.41\pic\sources\c99\common\memcpy.c
		_memcpy        		CODE           	53BA	0000	80

C:\Program Files\Microchip\xc8\v2.41\pic\sources\c99\common\memcpy.c estimated size: 80

C:\Program Files\Microchip\xc8\v2.41\pic\sources\c99\common\Umul16.c
		___wmul        		CODE           	568E	0000	38

C:\Program Files\Microchip\xc8\v2.41\pic\sources\c99\common\Umul16.c estimated size: 38

C:\Program Files\Microchip\xc8\v2.41\pic\sources\c99\common\putch.c
		_putch         		CODE           	574C	0000	2

C:\Program Files\Microchip\xc8\v2.41\pic\sources\c99\common\putch.c estimated size: 2

C:\Program Files\Microchip\xc8\v2.41\pic\sources\c99\common\nf_fputs.c
		_fputs         		CODE           	5494	0000	68

C:\Program Files\Microchip\xc8\v2.41\pic\sources\c99\common\nf_fputs.c estimated size: 68

C:\Program Files\Microchip\xc8\v2.41\pic\sources\c99\common\labs.c
		_labs          		CODE           	51EC	0000	102

C:\Program Files\Microchip\xc8\v2.41\pic\sources\c99\common\labs.c estimated size: 102

main.c
		_Init_Internal_Oscillator		CODE           	56EC	0000	22
		_ISR           		CODE           	487C	0000	294
		_main          		CODE           	4120	0000	918
		_Init_ADCC_Module		CODE           	555E	0000	66
		_Init_Interrupts		CODE           	5718	0000	14
		_Detect_Falling_Edge		CODE           	52B6	0000	94
		_Init_Gpio_System		CODE           	5702	0000	22
		_System_Init   		CODE           	56D2	0000	26
		_Init_Timer0_As_Timer		CODE           	56B4	0000	30
		_Adc_Read_Analog_Pin		CODE           	5656	0000	56

main.c estimated size: 1542

C:\Program Files\Microchip\xc8\v2.41\pic\sources\c99\common\sprcmul.c
		___flmul       		CODE           	395C	0000	1066

C:\Program Files\Microchip\xc8\v2.41\pic\sources\c99\common\sprcmul.c estimated size: 1066

C:\Program Files\Microchip\xc8\v2.41\pic\sources\c99\common\sprcdiv.c
		___fldiv       		CODE           	3D86	0000	922

C:\Program Files\Microchip\xc8\v2.41\pic\sources\c99\common\sprcdiv.c estimated size: 922

C:\Program Files\Microchip\xc8\v2.41\pic\sources\c99\common\lwmod.c
		___lwmod       		CODE           	5252	0000	100

C:\Program Files\Microchip\xc8\v2.41\pic\sources\c99\common\lwmod.c estimated size: 100

